// Jest Snapshot v1, https://goo.gl/fbAQLP

exports[`Summary it should render 1`] = `
<div>
  <div
    class="ui container"
    data-testid="summary"
  >
    <div
      class="ui one column grid"
    >
      <div
        class="row"
      >
        <div
          class="column"
        >
          <h2>
            Summary
          </h2>
          <p
            data-testid="correct-answers"
          >
            Correct:
            <strong>
               
              0
               
            </strong>
          </p>
          <p
            data-testid="incorrect-answers"
          >
            Wrong:
            <strong>
               
              0
               
            </strong>
          </p>
          <p
            data-testid="total-answered"
          >
            Total Answered:
            <strong>
               
              0
               
            </strong>
          </p>
          <p
            data-testid="final-score-percentage"
          >
            Final Score:
            <strong>
               
              0
              % 
            </strong>
          </p>
          <button
            class="ui primary button"
            data-testid="restart-btn"
            type="text"
          >
            Restart Quiz
          </button>
        </div>
      </div>
    </div>
  </div>
</div>
`;
